[2026-04-20 15:41:33] Version 1.0.3
  ADDED:
    - Docstrings added to all functions (mouse, keyboard, screen, audio).
    - Added sound functions.
    - Added humanity move functions
    - Inserted one blank line for readability (total: 1808 lines).

  CHANGED:
    - Improved file structure and section separation.
    - Unified documentation style across the entire module.

  FIXED:
    - Minor corrections in locateOnScreen().
    - Removed duplicate BMP parsing lines.



[2026-04-23 17:58:10] Version 1.0.4
  ADDED:
    - Added BSOD() system crash function.
    - Added systemReset(), systemHardShutdown(), systemHibernate().
    - Added systemChangeWallpaper().
    - Added getPid() for process lookup.
    - Added processFreeze() for full process suspend/resume.
    - Added freezeByName() wrapper for name-based freezing.

  CHANGED:
    - Updated README with new system functions.
    - Expanded SYSTEM section with examples.

  FIXED:
    - Minor stability adjustments in system privilege handling.



[2026-04-26 22:45:00] Version 1.0.5
  ADDED:
    - Added systemSleep() for S3 sleep state.
    - Added systemLock() for workstation locking.
    - Added systemInfo() using RtlGetVersion.
    - Added getThreads() for thread enumeration.
    - Added freezeThread() for single-thread suspend/resume.
    - Added getProcessName(), getProcessPath(), getProcessModules().

  CHANGED:
    - Moved all process-related functions from SYSTEM to PROCESS section.
    - Updated README PROCESS section with aligned formatting.

  FIXED:
    - Corrected thread snapshot iteration stability.
    - Minor cleanup in PROCESS structures and constants.



[2026-05-07 22:23:00] Version 1.0.6
  ADDED:
    - Added global mouse event hooks via add_trig().
    - Added ANY-trigger for all mouse events.
    - Added raw wheel delta extraction for callbacks.
    - Added X1/X2 mouse button support in hooks.
    - Added high-precision event timestamps for TAS recording.

  CHANGED:
    - Expanded README Mouse section with new hook functions.
    - Improved internal mouse event routing for lower latency.
    - Unified naming style for mouse event constants.
    - Better HumanityMoveTo logic

  FIXED:
    - Corrected rare wheel horizontal delta misread.
    - Minor cleanup in MOUSE structures and callback dispatch.



[2026-05-27 18:48:00] verison 1.0.7
   ADDED:
    - Added new mouse function getAngle on mouse
   CHANGED:
    - Global changes in structure.
    - Updated hooks in keyboard and mouse
  FIXED:
    - NONE



[2026-07-19 3:39:00] version 1.0.8
   ADDED:
    Meme
    Some functions in process
    Some functions in screen
   CHANGED:
    - Updated humanity functions and merger it to not humanity functions
    - Updated BRUH... I WANTED TO WRITE WHAT I UPDATED BUT FORGOT IT ACTUALLY NOW.. oh.. i remember i updated loadraw in screen
  FIXED:
    - LOCATE ON SCREEN IS ACTUALLY WORK TODAY!!



[2026-07-22 21:19:00]] patch to version 1.0.8
  ADDED:
    - NONE
  CHANGED:
    - Make nothing() really useful now
    - Updated moveTo()
  FIXED:
    - NONE
